function %(v16, v18, v19, v22, v27) {
    inst0 = const fn %white_noise(Spur(1))(1) -> 1
    inst1 = const fn %white_noise(Spur(2))(1) -> 1
    v3 = fconst 0.0

                                block2:
@000a                               v21 = fadd v19, v3
@000d                               v23 = fmul v22, v3
                                    v33 = fmul v22, v27
@000e                               v24 = fadd v21, v23
                                    v25 = optbarrier v24
                                    v26 = optbarrier v3
                                    v28 = fneg v3
                                    v32 = fneg v27
                                    v29 = optbarrier v16
                                    v30 = optbarrier v16
                                    v34 = optbarrier v33
                                    v35 = optbarrier v27
                                    v36 = optbarrier v32
}
