Topology {
    branches: {
        branch0: (
            Unnamed {
                hi: node0,
                lo: None,
            },
            BranchInfo {
                is_voltage_src: v1,
                voltage_src: Contribution {
                    unknown: Some(
                        v19,
                    ),
                    resist: v3,
                    react: v3,
                    resist_small_signal: v3,
                    react_small_signal: v3,
                    noise: [],
                },
                current_src: Contribution {
                    unknown: None,
                    resist: v25,
                    react: v3,
                    resist_small_signal: v34,
                    react_small_signal: v3,
                    noise: [
                        Noise {
                            name: Spur(2),
                            kind: WhiteNoise {
                                pwr: v30,
                            },
                            factor: v6,
                        },
                    ],
                },
            },
        ),
        branch1: (
            Unnamed {
                hi: node1,
                lo: None,
            },
            BranchInfo {
                is_voltage_src: v1,
                voltage_src: Contribution {
                    unknown: None,
                    resist: v3,
                    react: v3,
                    resist_small_signal: v3,
                    react_small_signal: v3,
                    noise: [],
                },
                current_src: Contribution {
                    unknown: None,
                    resist: v26,
                    react: v3,
                    resist_small_signal: v35,
                    react_small_signal: v3,
                    noise: [],
                },
            },
        ),
    },
    implicit_equations: {
        inode0: Contribution {
            unknown: Some(
                v27,
            ),
            resist: v28,
            react: v3,
            resist_small_signal: v36,
            react_small_signal: v3,
            noise: [
                Noise {
                    name: Spur(1),
                    kind: WhiteNoise {
                        pwr: v29,
                    },
                    factor: v6,
                },
            ],
        },
    },
    small_signal_vals: {
        v27,
    },
    contributes: {},
}