Topology {
    branches: {
        branch0: (
            Unnamed {
                hi: node2,
                lo: None,
            },
            BranchInfo {
                is_voltage_src: v1,
                voltage_src: Contribution {
                    unknown: Some(
                        v16,
                    ),
                    resist: v3,
                    react: v3,
                    resist_small_signal: v3,
                    react_small_signal: v3,
                    noise: [],
                },
                current_src: Contribution {
                    unknown: None,
                    resist: v27,
                    react: v3,
                    resist_small_signal: v33,
                    react_small_signal: v3,
                    noise: [
                        Noise {
                            name: None,
                            kind: WhiteNoise {
                                pwr: v31,
                            },
                            factor: v30,
                        },
                    ],
                },
            },
        ),
        branch1: (
            Unnamed {
                hi: node0,
                lo: Some(
                    node1,
                ),
            },
            BranchInfo {
                is_voltage_src: v1,
                voltage_src: Contribution {
                    unknown: Some(
                        v21,
                    ),
                    resist: v3,
                    react: v3,
                    resist_small_signal: v3,
                    react_small_signal: v3,
                    noise: [],
                },
                current_src: Contribution {
                    unknown: None,
                    resist: v28,
                    react: v3,
                    resist_small_signal: v34,
                    react_small_signal: v3,
                    noise: [],
                },
            },
        ),
    },
    implicit_equations: {},
    small_signal_vals: {
        v16,
    },
    contributes: {},
}