function %(v16, v21, v24) {
    inst0 = const fn %white_noise(None)(1) -> 1
    v3 = fconst 0.0

                                block5:
@0006                               v20 = fadd v16, v3
@0009                               v23 = flt v20, v3
                                    br v23, block2, block3

                                block2:
                                    jmp block4

                                block3:
                                    jmp block4

                                block4:
                                    v30 = phi [v16, block2], [v3, block3]
                                    v32 = optbarrier v30
}
