param "$mfactor"
units = "", desc = "Multiplier (Verilog-A $mfactor)", flags = ParameterFlags(PARA_KIND_INST)
param "G"
units = "", desc = "transconductance", flags = ParameterFlags(0x0)
param "Rin"
units = "Ohm", desc = "input Resistance", flags = ParameterFlags(0x0)
param "Rout"
units = "Ohm", desc = "output Resistance", flags = ParameterFlags(0x0)

4 terminals
node "Inp" units = "V", runits = ""
residual 192 4294967295 4294967295 4294967295
node "Inm" units = "V", runits = ""
residual 200 4294967295 4294967295 4294967295
node "Outp" units = "V", runits = ""
residual 208 4294967295 4294967295 4294967295
node "Outm" units = "V", runits = ""
residual 216 4294967295 4294967295 4294967295
jacobian (Inp, Inp) JacobianFlags(JACOBIAN_ENTRY_RESIST | JACOBIAN_ENTRY_REACT_CONST) react_ptr = 4294967295
jacobian (Inp, Inm) JacobianFlags(JACOBIAN_ENTRY_RESIST | JACOBIAN_ENTRY_REACT_CONST) react_ptr = 4294967295
jacobian (Inm, Inp) JacobianFlags(JACOBIAN_ENTRY_RESIST | JACOBIAN_ENTRY_REACT_CONST) react_ptr = 4294967295
jacobian (Inm, Inm) JacobianFlags(JACOBIAN_ENTRY_RESIST | JACOBIAN_ENTRY_REACT_CONST) react_ptr = 4294967295
jacobian (Outp, Inp) JacobianFlags(JACOBIAN_ENTRY_RESIST | JACOBIAN_ENTRY_REACT_CONST) react_ptr = 4294967295
jacobian (Outp, Inm) JacobianFlags(JACOBIAN_ENTRY_RESIST | JACOBIAN_ENTRY_REACT_CONST) react_ptr = 4294967295
jacobian (Outp, Outp) JacobianFlags(JACOBIAN_ENTRY_RESIST | JACOBIAN_ENTRY_REACT_CONST) react_ptr = 4294967295
jacobian (Outp, Outm) JacobianFlags(JACOBIAN_ENTRY_RESIST | JACOBIAN_ENTRY_REACT_CONST) react_ptr = 4294967295
jacobian (Outm, Inp) JacobianFlags(JACOBIAN_ENTRY_RESIST | JACOBIAN_ENTRY_REACT_CONST) react_ptr = 4294967295
jacobian (Outm, Inm) JacobianFlags(JACOBIAN_ENTRY_RESIST | JACOBIAN_ENTRY_REACT_CONST) react_ptr = 4294967295
jacobian (Outm, Outp) JacobianFlags(JACOBIAN_ENTRY_RESIST | JACOBIAN_ENTRY_REACT_CONST) react_ptr = 4294967295
jacobian (Outm, Outm) JacobianFlags(JACOBIAN_ENTRY_RESIST | JACOBIAN_ENTRY_REACT_CONST) react_ptr = 4294967295
0 states
has bound_step false
instance size 320
model size 40
