DaeSystem {
    unknowns: {
        sim_node0: node0,
        sim_node1: node1,
    },
    residual: {
        sim_node0: Residual {
            resist: v71,
            react: v3,
            resist_small_signal: v3,
            react_small_signal: v3,
            resist_lim_rhs: v73,
            react_lim_rhs: v3,
        },
        sim_node1: Residual {
            resist: v75,
            react: v3,
            resist_small_signal: v3,
            react_small_signal: v3,
            resist_lim_rhs: v77,
            react_lim_rhs: v3,
        },
    },
    jacobian: {
        j0: MatrixEntry {
            row: sim_node0,
            col: sim_node0,
            resist: v79,
            react: v3,
        },
        j1: MatrixEntry {
            row: sim_node0,
            col: sim_node1,
            resist: v81,
            react: v3,
        },
        j2: MatrixEntry {
            row: sim_node1,
            col: sim_node0,
            resist: v83,
            react: v3,
        },
        j3: MatrixEntry {
            row: sim_node1,
            col: sim_node1,
            resist: v85,
            react: v3,
        },
    },
    small_signal_parameters: {},
    noise_sources: [],
}